11:41:20 **** Incremental Build of configuration Debug for project testled ****
make -j16 all 
arm-none-eabi-gcc "../Core/Src/main.c" -mcpu=cortex-m4 -std=gnu11 -g3 -DDEBUG -DUSE_HAL_DRIVER -DSTM32F411xE -c -I../Core/Inc -I../Drivers/STM32F4xx_HAL_Driver/Inc -I../Drivers/STM32F4xx_HAL_Driver/Inc/Legacy -I../Drivers/CMSIS/Device/ST/STM32F4xx/Include -I../Drivers/CMSIS/Include -O0 -ffunction-sections -fdata-sections -Wall -fstack-usage -fcyclomatic-complexity -MMD -MP -MF"Core/Src/main.d" -MT"Core/Src/main.o" --specs=nano.specs -mfpu=fpv4-sp-d16 -mfloat-abi=hard -mthumb -o "Core/Src/main.o"
arm-none-eabi-gcc -o "testled.elf" @"objects.list"   -mcpu=cortex-m4 -T"C:\Users\Admin\Documents\INTERN\STM32\FlashBoot\testled\STM32F411RETX_FLASH.ld" --specs=nosys.specs -Wl,-Map="testled.map" -Wl,--gc-sections -static --specs=nano.specs -mfpu=fpv4-sp-d16 -mfloat-abi=hard -mthumb -Wl,--start-group -lc -lm -Wl,--end-group
Finished building target: testled.elf
 
arm-none-eabi-size  testled.elf 
arm-none-eabi-objdump -h -S testled.elf  > "testled.list"
arm-none-eabi-objcopy  -O binary testled.elf  "testled.bin"
   text	   data	    bss	    dec	    hex	filename
   7672	     12	   1644	   9328	   2470	testled.elf
Finished building: default.size.stdout
 
Finished building: testled.bin
 
Finished building: testled.list
 
16:25:57 **** Incremental Build of configuration Debug for project testled ****
make -j16 all 
arm-none-eabi-size  testled.elf 
   text	   data	    bss	    dec	    hex	filename
   7672	     12	   1644	   9328	   2470	testled.elf
Finished building: default.size.stdout
 
16:28:58 **** Incremental Build of configuration Debug for project testled ****
make -j16 all 
arm-none-eabi-size  testled.elf 
   text	   data	    bss	    dec	    hex	filename
   7672	     12	   1644	   9328	   2470	testled.elf
Finished building: default.size.stdout
 
16:29:50 **** Incremental Build of configuration Debug for project testled ****
make -j16 all 
arm-none-eabi-size  testled.elf 
   text	   data	    bss	    dec	    hex	filename
   7672	     12	   1644	   9328	   2470	testled.elf
Finished building: default.size.stdout
 
